🚀 開始處理 Daily Cost Report...
🚀 Opening WhatsApp Web (session '/home/chipanl/whatsapp_session_2') for group 'LOG 區頭 x Head office'...
Traceback (most recent call last):
  File "C:\Users\chipanl\Downloads\Whatsapp Session\log-kpi-tracker\kpi_pipeline.py", line 3464, in fetch_cost_report_from_whatsapp
    page.wait_for_selector("#pane-side", timeout=120000)
    ~~~~~~~~~~~~~~~~~~~~~~^^^^^^^^^^^^^^^^^^^^^^^^^^^^^^
  File "C:\Users\chipanl\AppData\Local\Python\pythoncore-3.14-64\Lib\site-packages\playwright\sync_api\_generated.py", line 9033, in wait_for_selector
    self._sync(
    ~~~~~~~~~~^
        self._impl_obj.wait_for_selector(
        ^^^^^^^^^^^^^^^^^^^^^^^^^^^^^^^^^
    ...<4 lines>...
        )
        ^
    )
    ^
  File "C:\Users\chipanl\AppData\Local\Python\pythoncore-3.14-64\Lib\site-packages\playwright\_impl\_sync_base.py", line 115, in _sync
    return task.result()
           ~~~~~~~~~~~^^
  File "C:\Users\chipanl\AppData\Local\Python\pythoncore-3.14-64\Lib\site-packages\playwright\_impl\_page.py", line 427, in wait_for_selector
    return await self._main_frame.wait_for_selector(**locals_to_params(locals()))
           ^^^^^^^^^^^^^^^^^^^^^^^^^^^^^^^^^^^^^^^^^^^^^^^^^^^^^^^^^^^^^^^^^^^^^^
  File "C:\Users\chipanl\AppData\Local\Python\pythoncore-3.14-64\Lib\site-packages\playwright\_impl\_frame.py", line 394, in wait_for_selector
    await self._channel.send(
        "waitForSelector", self._timeout, locals_to_params(locals())
    )
  File "C:\Users\chipanl\AppData\Local\Python\pythoncore-3.14-64\Lib\site-packages\playwright\_impl\_connection.py", line 76, in send
    return await self._connection.wrap_api_call(
           ^^^^^^^^^^^^^^^^^^^^^^^^^^^^^^^^^^^^^
    ...<3 lines>...
    )
    ^
  File "C:\Users\chipanl\AppData\Local\Python\pythoncore-3.14-64\Lib\site-packages\playwright\_impl\_connection.py", line 632, in wrap_api_call
    raise rewrite_error(error, f"{parsed_st['apiName']}: {error}") from None
playwright._impl._errors.TargetClosedError: Page.wait_for_selector: Target page, context or browser has been closed
Call log:
  - waiting for locator("#pane-side") to be visible


During handling of the above exception, another exception occurred:

Traceback (most recent call last):
  File "C:\Users\chipanl\Downloads\Whatsapp Session\log-kpi-tracker\kpi_pipeline.py", line 3822, in <module>
    main()
    ~~~~^^
  File "C:\Users\chipanl\Downloads\Whatsapp Session\log-kpi-tracker\kpi_pipeline.py", line 3811, in main
    run_cost_report_section(args.cost_report_file)
    ~~~~~~~~~~~~~~~~~~~~~~~^^^^^^^^^^^^^^^^^^^^^^^
  File "C:\Users\chipanl\Downloads\Whatsapp Session\log-kpi-tracker\kpi_pipeline.py", line 3759, in run_cost_report_section
    path = fetch_cost_report_from_whatsapp()
  File "C:\Users\chipanl\Downloads\Whatsapp Session\log-kpi-tracker\kpi_pipeline.py", line 3467, in fetch_cost_report_from_whatsapp
    raise RuntimeError("WhatsApp Web never showed the chat list — the session in "
                       f"{WA_SESSION_DIR!r} has probably expired (QR code); re-link it once by hand.")
RuntimeError: WhatsApp Web never showed the chat list — the session in '/home/chipanl/whatsapp_session_2' has probably expired (QR code); re-link it once by hand.
🚀 開始處理 Daily Cost Report...
🚀 Opening WhatsApp Web (session '/home/chipanl/whatsapp_session_2') for group 'LOG 區頭 x Head office'...
Traceback (most recent call last):
  File "C:\Users\chipanl\Downloads\Whatsapp Session\log-kpi-tracker\kpi_pipeline.py", line 3493, in fetch_cost_report_from_whatsapp
    page.get_by_text(WA_TARGET_GROUP, exact=True).first.click(timeout=8000)
    ~~~~~~~~~~~~~~~~~~~~~~~~~~~~~~~~~~~~~~~~~~~~~~~~~~~~~~~~~^^^^^^^^^^^^^^
  File "C:\Users\chipanl\AppData\Local\Python\pythoncore-3.14-64\Lib\site-packages\playwright\sync_api\_generated.py", line 17876, in click
    self._sync(
    ~~~~~~~~~~^
        self._impl_obj.click(
        ^^^^^^^^^^^^^^^^^^^^^
    ...<11 lines>...
        )
        ^
    )
    ^
  File "C:\Users\chipanl\AppData\Local\Python\pythoncore-3.14-64\Lib\site-packages\playwright\_impl\_sync_base.py", line 115, in _sync
    return task.result()
           ~~~~~~~~~~~^^
  File "C:\Users\chipanl\AppData\Local\Python\pythoncore-3.14-64\Lib\site-packages\playwright\_impl\_locator.py", line 165, in click
    return await self._frame._click(self._selector, strict=True, **params)
           ^^^^^^^^^^^^^^^^^^^^^^^^^^^^^^^^^^^^^^^^^^^^^^^^^^^^^^^^^^^^^^^
  File "C:\Users\chipanl\AppData\Local\Python\pythoncore-3.14-64\Lib\site-packages\playwright\_impl\_frame.py", line 593, in _click
    await self._channel.send("click", self._timeout, locals_to_params(locals()))
  File "C:\Users\chipanl\AppData\Local\Python\pythoncore-3.14-64\Lib\site-packages\playwright\_impl\_connection.py", line 76, in send
    return await self._connection.wrap_api_call(
           ^^^^^^^^^^^^^^^^^^^^^^^^^^^^^^^^^^^^^
    ...<3 lines>...
    )
    ^
  File "C:\Users\chipanl\AppData\Local\Python\pythoncore-3.14-64\Lib\site-packages\playwright\_impl\_connection.py", line 632, in wrap_api_call
    raise rewrite_error(error, f"{parsed_st['apiName']}: {error}") from None
playwright._impl._errors.TargetClosedError: Locator.click: Target page, context or browser has been closed
Call log:
  - waiting for get_by_text("LOG 區頭 x Head office", exact=True).first


During handling of the above exception, another exception occurred:

Traceback (most recent call last):
  File "C:\Users\chipanl\Downloads\Whatsapp Session\log-kpi-tracker\kpi_pipeline.py", line 3822, in <module>
    main()
    ~~~~^^
  File "C:\Users\chipanl\Downloads\Whatsapp Session\log-kpi-tracker\kpi_pipeline.py", line 3811, in main
    run_cost_report_section(args.cost_report_file)
    ~~~~~~~~~~~~~~~~~~~~~~~^^^^^^^^^^^^^^^^^^^^^^^
  File "C:\Users\chipanl\Downloads\Whatsapp Session\log-kpi-tracker\kpi_pipeline.py", line 3759, in run_cost_report_section
    path = fetch_cost_report_from_whatsapp()
  File "C:\Users\chipanl\Downloads\Whatsapp Session\log-kpi-tracker\kpi_pipeline.py", line 3496, in fetch_cost_report_from_whatsapp
    raise RuntimeError(f"Could not open the WhatsApp group {WA_TARGET_GROUP!r}.")
RuntimeError: Could not open the WhatsApp group 'LOG 區頭 x Head office'.
🚀 開始處理 Daily Cost Report...
🚀 Opening WhatsApp Web (session '/home/chipanl/whatsapp_session_2') for group 'LOG 區頭 x Head office'...
Traceback (most recent call last):
  File "C:\Users\chipanl\Downloads\Whatsapp Session\log-kpi-tracker\kpi_pipeline.py", line 3822, in <module>
    main()
    ~~~~^^
  File "C:\Users\chipanl\Downloads\Whatsapp Session\log-kpi-tracker\kpi_pipeline.py", line 3811, in main
    run_cost_report_section(args.cost_report_file)
    ~~~~~~~~~~~~~~~~~~~~~~~^^^^^^^^^^^^^^^^^^^^^^^
  File "C:\Users\chipanl\Downloads\Whatsapp Session\log-kpi-tracker\kpi_pipeline.py", line 3759, in run_cost_report_section
    path = fetch_cost_report_from_whatsapp()
  File "C:\Users\chipanl\Downloads\Whatsapp Session\log-kpi-tracker\kpi_pipeline.py", line 3518, in fetch_cost_report_from_whatsapp
    found = matching_titles()
  File "C:\Users\chipanl\Downloads\Whatsapp Session\log-kpi-tracker\kpi_pipeline.py", line 3504, in matching_titles
    for i in range(loc.count()):
                   ~~~~~~~~~^^
  File "C:\Users\chipanl\AppData\Local\Python\pythoncore-3.14-64\Lib\site-packages\playwright\sync_api\_generated.py", line 19153, in count
    return mapping.from_maybe_impl(self._sync(self._impl_obj.count()))
                                   ~~~~~~~~~~^^^^^^^^^^^^^^^^^^^^^^^^
  File "C:\Users\chipanl\AppData\Local\Python\pythoncore-3.14-64\Lib\site-packages\playwright\_impl\_sync_base.py", line 115, in _sync
    return task.result()
           ~~~~~~~~~~~^^
  File "C:\Users\chipanl\AppData\Local\Python\pythoncore-3.14-64\Lib\site-packages\playwright\_impl\_locator.py", line 429, in count
    return await self._frame._query_count(self._selector)
           ^^^^^^^^^^^^^^^^^^^^^^^^^^^^^^^^^^^^^^^^^^^^^^
  File "C:\Users\chipanl\AppData\Local\Python\pythoncore-3.14-64\Lib\site-packages\playwright\_impl\_frame.py", line 139, in _query_count
    return await self._channel.send("queryCount", None, {"selector": selector})
           ^^^^^^^^^^^^^^^^^^^^^^^^^^^^^^^^^^^^^^^^^^^^^^^^^^^^^^^^^^^^^^^^^^^^
  File "C:\Users\chipanl\AppData\Local\Python\pythoncore-3.14-64\Lib\site-packages\playwright\_impl\_connection.py", line 76, in send
    return await self._connection.wrap_api_call(
           ^^^^^^^^^^^^^^^^^^^^^^^^^^^^^^^^^^^^^
    ...<3 lines>...
    )
    ^
  File "C:\Users\chipanl\AppData\Local\Python\pythoncore-3.14-64\Lib\site-packages\playwright\_impl\_connection.py", line 632, in wrap_api_call
    raise rewrite_error(error, f"{parsed_st['apiName']}: {error}") from None
playwright._impl._errors.TargetClosedError: Locator.count: Target page, context or browser has been closed
🚀 開始處理 Daily Cost Report...
🚀 Opening WhatsApp Web (session '/home/chipanl/whatsapp_session_2') for group 'LOG 區頭 x Head office'...
  📸 screenshot: C:\Users\chipanl\Downloads\Whatsapp Session\log-kpi-tracker\Folder for KPI Dashboard\_debug_whatsapp_nofile.png
  📸 screenshot: C:\Users\chipanl\Downloads\Whatsapp Session\log-kpi-tracker\Folder for KPI Dashboard\_debug_whatsapp_error.png
Traceback (most recent call last):
  File "C:\Users\chipanl\Downloads\Whatsapp Session\log-kpi-tracker\kpi_pipeline.py", line 3822, in <module>
    main()
    ~~~~^^
  File "C:\Users\chipanl\Downloads\Whatsapp Session\log-kpi-tracker\kpi_pipeline.py", line 3811, in main
    run_cost_report_section(args.cost_report_file)
    ~~~~~~~~~~~~~~~~~~~~~~~^^^^^^^^^^^^^^^^^^^^^^^
  File "C:\Users\chipanl\Downloads\Whatsapp Session\log-kpi-tracker\kpi_pipeline.py", line 3759, in run_cost_report_section
    path = fetch_cost_report_from_whatsapp()
  File "C:\Users\chipanl\Downloads\Whatsapp Session\log-kpi-tracker\kpi_pipeline.py", line 3521, in fetch_cost_report_from_whatsapp
    raise RuntimeError("No 'Daily Cost Report_YYYYMM_Last Update_MMM DD.xlsx' message found in the group.")
RuntimeError: No 'Daily Cost Report_YYYYMM_Last Update_MMM DD.xlsx' message found in the group.
🚀 開始處理 Daily Cost Report...
🚀 Opening WhatsApp Web (session '/home/chipanl/whatsapp_session_2') for group 'LOG 區頭 x Head office'...
  🔎 route 1: 2 report message(s) already loaded at the bottom of the chat
  📎 newest cost report in the chat: 'Daily Cost Report_202609_Last Update_Sep 27.xlsx'
  ⚠️ download icon did not start a download (Timeout 25000ms exceeded while waiting for event "download")
  ✅ saved via file name click: C:\Users\chipanl\Downloads\Whatsapp Session\log-kpi-tracker\Folder for KPI Dashboard\Daily Cost Report_202609_Last Update_Sep 27.xlsx
  📄 Daily Cost Report_202609_Last Update_Sep 27.xlsx: data through 2026-09-27 — 27 day(s) of manpower, 27 day(s) of Cost/Order & Productivity
Wrote ./public/manpower_distribution.json
Wrote ./public/productivity_history.json
Wrote ./public/data.json
  ⚠️ './public/index.html' has no EMBEDDED_DATA_START/END markers — skipping embedded-data update. (Markers were added in v26.0; an older index.html won't have them yet.)
✅ Daily Cost Report 處理完成
🚀 開始處理 Daily Cost Report...
🚀 Opening WhatsApp Web (session '/home/chipanl/whatsapp_session_2') for group 'LOG 區頭 x Head office'...
  🔎 route 2: in-chat search for 'Daily Cost Report'
  ℹ️ the in-chat search showed no report hit
  🔎 route 3: scrolling up (at most 8 screens)
  📎 newest cost report in the chat: 'Daily Cost Report_202609_Last Update_Sep 27.xlsx'
  ⚠️ download icon did not start a download (Timeout 25000ms exceeded while waiting for event "download")
  ✅ saved via file name click: C:\Users\chipanl\Downloads\Whatsapp Session\log-kpi-tracker\Folder for KPI Dashboard\Daily Cost Report_202609_Last Update_Sep 27.xlsx
  📄 Daily Cost Report_202609_Last Update_Sep 27.xlsx: data through 2026-09-27 — 27 day(s) of manpower, 27 day(s) of Cost/Order & Productivity
Wrote ./public/manpower_distribution.json
Wrote ./public/productivity_history.json
Wrote ./public/data.json
  ⚠️ './public/index.html' has no EMBEDDED_DATA_START/END markers — skipping embedded-data update. (Markers were added in v26.0; an older index.html won't have them yet.)
✅ Daily Cost Report 處理完成
🚀 開始處理 Daily Cost Report...
🚀 Opening WhatsApp Web (session '/home/chipanl/whatsapp_session_2') for group 'LOG 區頭 x Head office'...
  🔎 route 2: in-chat search for 'Daily Cost Report'
  ℹ️ the in-chat search showed no report hit
  🔎 route 3: scrolling up (at most 8 screens)
  📎 newest cost report in the chat: 'Daily Cost Report_202609_Last Update_Sep 27.xlsx'
  ⚠️ download icon did not start a download (Timeout 25000ms exceeded while waiting for event "download")
  ✅ saved via file name click: C:\Users\chipanl\Downloads\Whatsapp Session\log-kpi-tracker\Folder for KPI Dashboard\Daily Cost Report_202609_Last Update_Sep 27.xlsx
  📄 Daily Cost Report_202609_Last Update_Sep 27.xlsx: data through 2026-09-27 — 27 day(s) of manpower, 27 day(s) of Cost/Order & Productivity
Wrote ./public/manpower_distribution.json
Wrote ./public/productivity_history.json
Wrote ./public/data.json
  ⚠️ './public/index.html' has no EMBEDDED_DATA_START/END markers — skipping embedded-data update. (Markers were added in v26.0; an older index.html won't have them yet.)
✅ Daily Cost Report 處理完成
