
A module that was compiled using NumPy 1.x cannot be run in
NumPy 2.5.0 as it may crash. To support both 1.x and 2.x
versions of NumPy, modules must be compiled with NumPy 2.0.
Some module may need to rebuild instead e.g. with 'pybind11>=2.12'.

If you are a user of the module, the easiest solution will be to
downgrade to 'numpy<2' or try to upgrade the affected module.
We expect that some modules will need time to support NumPy 2.

Traceback (most recent call last):  File "/mnt/c/Users/chipanl/Downloads/Whatsapp Session/log-kpi-tracker/kpi_pipeline.py", line 73, in <module>
    import pandas as pd
  File "/home/chipanl/.local/lib/python3.12/site-packages/pandas/__init__.py", line 46, in <module>
    from pandas.core.api import (
  File "/home/chipanl/.local/lib/python3.12/site-packages/pandas/core/api.py", line 27, in <module>
    from pandas.core.arrays import Categorical
  File "/home/chipanl/.local/lib/python3.12/site-packages/pandas/core/arrays/__init__.py", line 1, in <module>
    from pandas.core.arrays.arrow import ArrowExtensionArray
  File "/home/chipanl/.local/lib/python3.12/site-packages/pandas/core/arrays/arrow/__init__.py", line 5, in <module>
    from pandas.core.arrays.arrow.array import ArrowExtensionArray
  File "/home/chipanl/.local/lib/python3.12/site-packages/pandas/core/arrays/arrow/array.py", line 65, in <module>
    from pandas.core import (
  File "/home/chipanl/.local/lib/python3.12/site-packages/pandas/core/ops/__init__.py", line 9, in <module>
    from pandas.core.ops.array_ops import (
  File "/home/chipanl/.local/lib/python3.12/site-packages/pandas/core/ops/array_ops.py", line 55, in <module>
    from pandas.core.computation import expressions
  File "/home/chipanl/.local/lib/python3.12/site-packages/pandas/core/computation/expressions.py", line 23, in <module>
    from pandas.core.computation.check import NUMEXPR_INSTALLED
  File "/home/chipanl/.local/lib/python3.12/site-packages/pandas/core/computation/check.py", line 5, in <module>
    ne = import_optional_dependency("numexpr", errors="warn")
  File "/home/chipanl/.local/lib/python3.12/site-packages/pandas/compat/_optional.py", line 158, in import_optional_dependency
    module = importlib.import_module(name)
  File "/usr/lib/python3.12/importlib/__init__.py", line 90, in import_module
    return _bootstrap._gcd_import(name[level:], package, level)
  File "/usr/lib/python3/dist-packages/numexpr/__init__.py", line 24, in <module>
    from numexpr.interpreter import MAX_THREADS, use_vml, __BLOCK_SIZE1__
Traceback (most recent call last):
  File "/home/chipanl/.local/lib/python3.12/site-packages/numpy/core/_multiarray_umath.py", line 46, in __getattr__
    raise ImportError(msg)
ImportError: 
A module that was compiled using NumPy 1.x cannot be run in
NumPy 2.5.0 as it may crash. To support both 1.x and 2.x
versions of NumPy, modules must be compiled with NumPy 2.0.
Some module may need to rebuild instead e.g. with 'pybind11>=2.12'.

If you are a user of the module, the easiest solution will be to
downgrade to 'numpy<2' or try to upgrade the affected module.
We expect that some modules will need time to support NumPy 2.



A module that was compiled using NumPy 1.x cannot be run in
NumPy 2.5.0 as it may crash. To support both 1.x and 2.x
versions of NumPy, modules must be compiled with NumPy 2.0.
Some module may need to rebuild instead e.g. with 'pybind11>=2.12'.

If you are a user of the module, the easiest solution will be to
downgrade to 'numpy<2' or try to upgrade the affected module.
We expect that some modules will need time to support NumPy 2.

Traceback (most recent call last):  File "/mnt/c/Users/chipanl/Downloads/Whatsapp Session/log-kpi-tracker/kpi_pipeline.py", line 73, in <module>
    import pandas as pd
  File "/home/chipanl/.local/lib/python3.12/site-packages/pandas/__init__.py", line 46, in <module>
    from pandas.core.api import (
  File "/home/chipanl/.local/lib/python3.12/site-packages/pandas/core/api.py", line 27, in <module>
    from pandas.core.arrays import Categorical
  File "/home/chipanl/.local/lib/python3.12/site-packages/pandas/core/arrays/__init__.py", line 1, in <module>
    from pandas.core.arrays.arrow import ArrowExtensionArray
  File "/home/chipanl/.local/lib/python3.12/site-packages/pandas/core/arrays/arrow/__init__.py", line 5, in <module>
    from pandas.core.arrays.arrow.array import ArrowExtensionArray
  File "/home/chipanl/.local/lib/python3.12/site-packages/pandas/core/arrays/arrow/array.py", line 79, in <module>
    from pandas.core.arrays.masked import BaseMaskedArray
  File "/home/chipanl/.local/lib/python3.12/site-packages/pandas/core/arrays/masked.py", line 56, in <module>
    from pandas.core import (
  File "/home/chipanl/.local/lib/python3.12/site-packages/pandas/core/nanops.py", line 54, in <module>
    bn = import_optional_dependency("bottleneck", errors="warn")
  File "/home/chipanl/.local/lib/python3.12/site-packages/pandas/compat/_optional.py", line 158, in import_optional_dependency
    module = importlib.import_module(name)
  File "/usr/lib/python3.12/importlib/__init__.py", line 90, in import_module
    return _bootstrap._gcd_import(name[level:], package, level)
  File "/usr/lib/python3/dist-packages/bottleneck/__init__.py", line 7, in <module>
    from .move import (move_argmax, move_argmin, move_max, move_mean, move_median,
Traceback (most recent call last):
  File "/home/chipanl/.local/lib/python3.12/site-packages/numpy/core/_multiarray_umath.py", line 46, in __getattr__
    raise ImportError(msg)
ImportError: 
A module that was compiled using NumPy 1.x cannot be run in
NumPy 2.5.0 as it may crash. To support both 1.x and 2.x
versions of NumPy, modules must be compiled with NumPy 2.0.
Some module may need to rebuild instead e.g. with 'pybind11>=2.12'.

If you are a user of the module, the easiest solution will be to
downgrade to 'numpy<2' or try to upgrade the affected module.
We expect that some modules will need time to support NumPy 2.


🚀 啟動 Tableau 自動化下載程序...
  🌐 導航至 Tableau 登入頁面...
  ⏳ 等待登入後的跳轉完成...
  ✅ 已到達登入後預設頁面: https://inhouse-analytics.hktv.com.hk/#/user/local/Warehouse/settings

🌐 Opening Tableau Report:
   Actual Delivery - Delay & Early %
   https://inhouse-analytics.hktv.com.hk/#/views/DeliveryDashboard/DeliverySummary?:iid=1
  🔄 強制重新載入頁面，確保工具列正確初始化...
  ⬇️ 正在下載報表: Actual Delivery - Delay & Early % ...
  ✅ 成功儲存: Actual Delivery - Delay & Early %.csv

🌐 Opening Tableau Report:
   Actual Delivery - District
   https://inhouse-analytics.hktv.com.hk/#/views/DeliveryDashboard/DeliverySummary?:iid=1
  🔄 強制重新載入頁面，確保工具列正確初始化...
  ⬇️ 正在下載報表: Actual Delivery - District ...
  ✅ 成功儲存: Actual Delivery - District.csv
🎉 Tableau 報表下載完畢！

🚀 開始處理 T-1 Delay Rate（08:30 job）...
  ✅ overall timeslot delay (Actual Delivery - District): AM 577/6096 = 9.47%, PM 699/11392 = 6.14%, EV 105/9019 = 1.16%, EV2 19/788 = 2.41%
Wrote ./public/delay_history.json
Wrote ./public/data.json
Updated ./public/index.html (5,109,935 bytes, embedded data refreshed)
✅ T-1 (2026-10-07) Delay Rate 已更新: overall 5.1%
